{
  "op": "shedLoad",
  "correlationId": "abc123",
  "venId": "ven-123",
  "data": { "amountKw": 5.0 }
}
